// Jest Snapshot v1, https://goo.gl/fbAQLP

exports[`<Nav/> renders a minimal nav when signed out 1`] = `
<ul
  className="NavStyles-sc-1nqau96-0 gkgfEP"
  data-test="nav"
>
  <Link
    href="/"
  >
    <a
      href="/"
      onClick={[Function]}
    >
      Home
    </a>
  </Link>
  <Link
    href="/signup"
  >
    <a
      href="/signup"
      onClick={[Function]}
    >
      Sign In
    </a>
  </Link>
</ul>
`;

exports[`<Nav/> renders the amount of items in the cart 1`] = `null`;
