// Jest Snapshot v1, https://goo.gl/fbAQLP

exports[`<Signin/> renders and matches snapshot 1`] = `
<form
  className="Form-sc-1oofk7n-0 gWcZGq"
  method="post"
  onSubmit={[Function]}
>
  <div
    className="img-form"
  >
    <div
      className="img-container"
    >
      <img
        src="/static/images/login.jpg"
      />
    </div>
    <div
      className="form-container"
    >
      <fieldset
        aria-busy={false}
        disabled={false}
      >
        <h2>
          Sign In
        </h2>
        <DisplayError
          error={Object {}}
        />
        <label
          htmlFor="email"
        >
          Email
          <input
            name="email"
            onChange={[Function]}
            placeholder="email"
            type="email"
            value=""
          />
        </label>
        <label
          htmlFor="password"
        >
          Password
          <input
            name="password"
            onChange={[Function]}
            placeholder="password"
            type="password"
            value=""
          />
        </label>
        <button
          type="submit"
        >
          Sign In
        </button>
      </fieldset>
    </div>
  </div>
</form>
`;
